2026-05-26 13:39:32, SELF, v:1, k:ed@triangulo, self:1, rate:100
2026-05-26 13:39:48, SELF, v:1, k:ed@resto, self:1, rate:100
2026-05-26 13:39:51, SELF, v:1, k:ed@mdc, self:1, rate:100, concept:1
2026-05-26 13:40:00, MOVE, v:1, k:ed@vetbuild, mode:PICK
2026-05-26 13:40:05, EXEC, v:1, k:ed@vetbuild, mode:FULL, size:139, fail:COMP
2026-05-26 13:40:07, EXEC, v:1, k:ed@vetbuild, mode:FULL, fail:COMP
2026-05-26 13:40:13, EXEC, v:1, k:ed@vetbuild, mode:FULL, fail:COMP
2026-05-26 13:40:14, EXEC, v:1, k:ed@vetbuild, mode:FULL, size:139, fail:COMP
2026-05-26 13:40:15, EXEC, v:1, k:ed@vetbuild, mode:FULL, fail:COMP
2026-05-26 13:40:15, EXEC, v:1, k:ed@vetbuild, mode:FULL, fail:COMP
2026-05-26 13:40:44, EXEC, v:1, k:ed@vetbuild, mode:FULL, size:139, fail:COMP
2026-05-26 13:40:45, EXEC, v:1, k:ed@vetbuild, mode:FULL, fail:COMP
2026-05-26 13:40:47, EXEC, v:1, k:ed@vetbuild, mode:FULL, fail:COMP
2026-05-26 13:40:47, EXEC, v:1, k:ed@vetbuild, mode:FULL, fail:COMP
2026-05-26 13:40:47, EXEC, v:1, k:ed@vetbuild, mode:FULL, fail:COMP
2026-05-26 13:40:47, EXEC, v:1, k:ed@vetbuild, mode:FULL, fail:COMP
2026-05-26 13:41:04, EXEC, v:1, k:ed@vetbuild, mode:FULL, rate:18, size:139
2026-05-26 13:43:59, MOVE, v:1, k:ed@vetbuild, mode:EDIT
2026-05-26 13:41:03, MOVE, v:1, k:ed@vetbuild, mode:EDIT
2026-05-26 13:45:23, EXEC, v:1, k:ed@vetbuild, mode:FULL, rate:18, size:151
2026-05-26 13:46:12, EXEC, v:1, k:ed@vetbuild, mode:FULL, size:151, fail:COMP
2026-05-26 13:46:13, EXEC, v:1, k:ed@vetbuild, mode:FULL, fail:COMP
2026-05-26 13:46:51, EXEC, v:1, k:ed@vetbuild, mode:FULL, rate:18, size:152
2026-05-26 13:47:15, EXEC, v:1, k:ed@vetbuild, mode:FULL, rate:9, size:152
2026-05-26 13:48:02, EXEC, v:1, k:ed@vetbuild, mode:FULL, rate:9
2026-05-26 13:47:13, MOVE, v:1, k:ed@vetbuild, mode:EDIT
2026-05-26 13:48:02, MOVE, v:1, k:ed@vetbuild, mode:EDIT
