2026-07-07 04:15:45, SELF, v:1, k:ed@wordsearch, self:1, rate:25
2026-07-07 04:15:46, MOVE, v:1, k:ed@wordsearch, mode:PICK
2026-07-07 04:15:54, MOVE, v:1, k:ed@wordsearch, mode:BACK
2026-07-07 04:16:01, MOVE, v:1, k:ed@soma, mode:DOWN
2026-07-07 04:16:02, MOVE, v:1, k:ed@soma, mode:PICK
2026-07-07 04:17:15, EXEC, v:1, k:ed@soma, mode:FULL, rate:0, size:82
2026-07-07 04:16:01, MOVE, v:1, k:ed@soma, mode:EDIT
2026-07-07 04:19:15, MOVE, v:1, k:ed@soma, mode:EDIT
2026-07-07 04:17:14, MOVE, v:1, k:ed@soma, mode:EDIT
2026-07-07 04:22:10, EXEC, v:1, k:ed@soma, mode:FULL, rate:0, size:92
2026-07-07 04:22:12, EXEC, v:1, k:ed@soma, mode:FULL, rate:0
2026-07-07 04:23:43, EXEC, v:1, k:ed@soma, mode:FULL, rate:0, size:92
2026-07-07 04:24:06, EXEC, v:1, k:ed@soma, mode:FULL, rate:14, size:90
2026-07-07 04:24:39, EXEC, v:1, k:ed@soma, mode:FULL, rate:14, size:88
2026-07-07 04:25:30, MOVE, v:1, k:ed@soma, mode:EDIT
2026-07-07 04:24:39, MOVE, v:1, k:ed@soma, mode:EDIT
2026-07-07 04:26:08, EXEC, v:1, k:ed@soma, mode:FULL, rate:14, size:97
2026-07-07 04:26:26, EXEC, v:1, k:ed@soma, mode:FULL, rate:14, size:97
2026-07-07 04:27:21, EXEC, v:1, k:ed@soma, mode:FULL, rate:14, size:101
2026-07-07 04:28:09, EXEC, v:1, k:ed@soma, mode:FULL, rate:28, size:101
2026-07-07 04:28:38, EXEC, v:1, k:ed@soma, mode:FULL, rate:28, size:101
2026-07-07 04:29:34, EXEC, v:1, k:ed@soma, mode:FULL, rate:28, size:101
2026-07-07 04:29:51, EXEC, v:1, k:ed@soma, mode:FULL, rate:14, size:101
2026-07-07 04:30:06, EXEC, v:1, k:ed@soma, mode:FULL, rate:14
2026-07-07 04:30:21, EXEC, v:1, k:ed@soma, mode:FULL, rate:100, size:101
2026-07-07 04:30:23, MOVE, v:1, k:ed@soma, mode:BACK
2026-07-07 04:30:20, MOVE, v:1, k:ed@soma, mode:EDIT
2026-07-07 04:30:21, MOVE, v:1, k:ed@soma, mode:EDIT
2026-07-07 04:30:36, SELF, v:1, k:ed@soma, self:1, rate:100, study:25, concept:1
2026-07-07 04:31:09, MOVE, v:1, k:ed@altura, mode:DOWN
2026-07-07 04:31:10, MOVE, v:1, k:ed@altura, mode:PICK
2026-07-07 04:31:44, EXEC, v:1, k:ed@altura, mode:FULL, rate:0, size:108
2026-07-07 04:31:46, EXEC, v:1, k:ed@altura, mode:FULL, rate:0
2026-07-07 04:32:00, EXEC, v:1, k:ed@altura, mode:FULL, rate:0, size:108
2026-07-07 04:33:36, EXEC, v:1, k:ed@altura, mode:FULL, rate:0, size:118
2026-07-07 04:33:38, EXEC, v:1, k:ed@altura, mode:FULL, rate:0, size:119
2026-07-07 04:34:00, EXEC, v:1, k:ed@altura, mode:FULL, rate:0, size:124
2026-07-07 04:34:12, EXEC, v:1, k:ed@altura, mode:FULL, rate:0
2026-07-07 04:34:13, EXEC, v:1, k:ed@altura, mode:FULL, rate:0
2026-07-07 04:35:00, EXEC, v:1, k:ed@altura, mode:FULL, rate:0, size:123
2026-07-07 04:31:09, MOVE, v:1, k:ed@altura, mode:EDIT
2026-07-07 04:35:28, MOVE, v:1, k:ed@altura, mode:EDIT
2026-07-07 04:35:00, MOVE, v:1, k:ed@altura, mode:EDIT
2026-07-07 04:35:34, EXEC, v:1, k:ed@altura, mode:FULL, rate:0, size:123
2026-07-07 04:35:34, MOVE, v:1, k:ed@altura, mode:EDIT
2026-07-07 04:35:34, MOVE, v:1, k:ed@altura, mode:EDIT
2026-07-07 04:41:46, EXEC, v:1, k:ed@altura, mode:FULL, rate:0
2026-07-07 04:41:46, MOVE, v:1, k:ed@altura, mode:EDIT
2026-07-07 04:44:48, MOVE, v:1, k:ed@altura, mode:EDIT
2026-07-07 04:46:42, EXEC, v:1, k:ed@altura, mode:FULL, rate:0, size:126
2026-07-07 04:46:51, EXEC, v:1, k:ed@altura, mode:FULL, rate:0, size:128
2026-07-07 04:50:00, EXEC, v:1, k:ed@altura, mode:FULL, rate:0, size:126
2026-07-07 04:50:09, EXEC, v:1, k:ed@altura, mode:FULL, rate:0, size:126
2026-07-07 04:50:31, MOVE, v:1, k:ed@altura, mode:EDIT
2026-07-07 04:50:09, MOVE, v:1, k:ed@altura, mode:EDIT
2026-07-07 04:50:52, EXEC, v:1, k:ed@altura, mode:FULL, rate:0, size:130
2026-07-07 04:53:10, EXEC, v:1, k:ed@altura, mode:FULL, rate:14, size:139
2026-07-07 04:53:51, EXEC, v:1, k:ed@altura, mode:FULL, size:140, fail:COMP
2026-07-07 04:53:53, EXEC, v:1, k:ed@altura, mode:FULL, rate:28
2026-07-07 04:55:07, EXEC, v:1, k:ed@altura, mode:FULL, rate:14, size:141
2026-07-07 04:55:27, MOVE, v:1, k:ed@altura, mode:EDIT
2026-07-07 04:55:07, MOVE, v:1, k:ed@altura, mode:EDIT
2026-07-07 04:55:46, EXEC, v:1, k:ed@altura, mode:FULL, rate:100, size:145
2026-07-07 04:55:48, MOVE, v:1, k:ed@altura, mode:BACK
2026-07-07 04:56:09, SELF, v:1, k:ed@altura, self:1, rate:100, study:40, concept:1
2026-07-07 04:56:28, MOVE, v:1, k:ed@compare, mode:DOWN
2026-07-07 04:56:28, MOVE, v:1, k:ed@compare, mode:PICK
2026-07-07 04:56:12, MOVE, v:1, k:ed@altura, mode:EDIT
2026-07-07 04:55:46, MOVE, v:1, k:ed@altura, mode:EDIT
2026-07-07 04:56:28, MOVE, v:1, k:ed@compare, mode:EDIT
2026-07-07 05:00:31, MOVE, v:1, k:ed@compare, mode:EDIT
2026-07-07 05:02:20, EXEC, v:1, k:ed@compare, mode:FULL, rate:0, size:96
2026-07-07 05:03:01, EXEC, v:1, k:ed@compare, mode:FULL, rate:25, size:100
2026-07-07 05:03:14, EXEC, v:1, k:ed@compare, mode:FULL, rate:25
2026-07-07 05:03:18, EXEC, v:1, k:ed@compare, mode:FULL, rate:25, size:100
2026-07-07 05:03:24, EXEC, v:1, k:ed@compare, mode:FULL, rate:37, size:100
2026-07-07 05:04:15, EXEC, v:1, k:ed@compare, mode:FULL, rate:0, size:99
2026-07-07 05:04:16, EXEC, v:1, k:ed@compare, mode:FULL, rate:0
2026-07-07 05:04:35, EXEC, v:1, k:ed@compare, mode:FULL, rate:25, size:103
2026-07-07 05:04:34, MOVE, v:1, k:ed@compare, mode:EDIT
2026-07-07 05:04:34, MOVE, v:1, k:ed@compare, mode:EDIT
2026-07-07 05:07:20, EXEC, v:1, k:ed@compare, mode:FULL, size:100, fail:COMP
2026-07-07 05:07:23, EXEC, v:1, k:ed@compare, mode:FULL, rate:0, size:100
2026-07-07 05:08:15, EXEC, v:1, k:ed@compare, mode:FULL, rate:62, size:100
2026-07-07 05:08:18, EXEC, v:1, k:ed@compare, mode:FULL, rate:62
2026-07-07 05:09:09, EXEC, v:1, k:ed@compare, mode:FULL, rate:75, size:101
2026-07-07 05:09:45, EXEC, v:1, k:ed@compare, mode:FULL, rate:62, size:103
2026-07-07 05:10:02, EXEC, v:1, k:ed@compare, mode:FULL, rate:75, size:103
2026-07-07 05:10:33, MOVE, v:1, k:ed@compare, mode:EDIT
2026-07-07 05:10:02, MOVE, v:1, k:ed@compare, mode:EDIT
2026-07-07 05:10:38, EXEC, v:1, k:ed@compare, mode:FULL, rate:62, size:103
2026-07-07 05:10:48, EXEC, v:1, k:ed@compare, mode:FULL, rate:62
2026-07-07 05:11:20, EXEC, v:1, k:ed@compare, mode:FULL, rate:37, size:103
2026-07-07 05:12:14, MOVE, v:1, k:ed@compare, mode:PICK
2026-07-07 05:12:15, EXEC, v:1, k:ed@compare, mode:FULL, rate:75, size:103
2026-07-07 05:12:27, EXEC, v:1, k:ed@compare, mode:FULL, rate:75
2026-07-07 05:12:33, EXEC, v:1, k:ed@compare, mode:FULL, rate:25, size:99
2026-07-07 05:12:43, EXEC, v:1, k:ed@compare, mode:FULL, rate:37, size:99
2026-07-07 05:12:54, EXEC, v:1, k:ed@compare, mode:FULL, rate:37
2026-07-07 05:15:39, MOVE, v:1, k:ed@compare, mode:PICK
2026-07-07 05:15:40, EXEC, v:1, k:ed@compare, mode:FULL, rate:25, size:100
2026-07-07 05:15:44, EXEC, v:1, k:ed@compare, mode:FULL, rate:25, size:103
2026-07-07 05:15:46, EXEC, v:1, k:ed@compare, mode:FULL, rate:75
2026-07-07 05:16:00, EXEC, v:1, k:ed@compare, mode:FULL, rate:37, size:105
2026-07-07 05:16:14, EXEC, v:1, k:ed@compare, mode:FULL, rate:62, size:105
2026-07-07 05:16:27, EXEC, v:1, k:ed@compare, mode:FULL, rate:75, size:103
2026-07-07 05:16:37, EXEC, v:1, k:ed@compare, mode:FULL, rate:75, size:103
2026-07-07 05:17:02, EXEC, v:1, k:ed@compare, mode:FULL, rate:75, size:107
2026-07-07 05:17:35, EXEC, v:1, k:ed@compare, mode:FULL, rate:75
2026-07-07 05:17:34, MOVE, v:1, k:ed@compare, mode:EDIT
2026-07-07 05:17:35, MOVE, v:1, k:ed@compare, mode:EDIT
2026-07-07 05:18:30, EXEC, v:1, k:ed@compare, mode:FULL, rate:37, size:107
2026-07-07 05:18:35, EXEC, v:1, k:ed@compare, mode:FULL, rate:75, size:107
2026-07-07 05:19:02, EXEC, v:1, k:ed@compare, mode:FULL, rate:50, size:107
2026-07-07 05:19:04, EXEC, v:1, k:ed@compare, mode:FULL, rate:50, size:107
2026-07-07 05:19:38, EXEC, v:1, k:ed@compare, mode:FULL, rate:50, size:107
2026-07-07 05:19:44, EXEC, v:1, k:ed@compare, mode:FULL, rate:25, size:103
2026-07-07 05:19:48, EXEC, v:1, k:ed@compare, mode:FULL, rate:75, size:107
2026-07-07 05:20:08, EXEC, v:1, k:ed@compare, mode:FULL, rate:75
2026-07-07 05:20:21, EXEC, v:1, k:ed@compare, mode:FULL, rate:75
2026-07-07 05:20:26, EXEC, v:1, k:ed@compare, mode:FULL, rate:50, size:107
2026-07-07 05:20:29, EXEC, v:1, k:ed@compare, mode:FULL, rate:50
2026-07-07 05:20:31, EXEC, v:1, k:ed@compare, mode:FULL, rate:75, size:107
2026-07-07 05:20:45, EXEC, v:1, k:ed@compare, mode:FULL, rate:50, size:107
2026-07-07 05:20:52, EXEC, v:1, k:ed@compare, mode:FULL, rate:75, size:107
2026-07-07 05:21:39, EXEC, v:1, k:ed@compare, mode:FULL, size:99, fail:COMP
2026-07-07 05:21:48, EXEC, v:1, k:ed@compare, mode:FULL, size:101, fail:COMP
2026-07-07 05:21:58, EXEC, v:1, k:ed@compare, mode:FULL, rate:37, size:101
2026-07-07 05:22:18, MOVE, v:1, k:ed@compare, mode:PICK
2026-07-07 05:22:18, EXEC, v:1, k:ed@compare, mode:FULL, rate:50, size:107
2026-07-07 05:22:21, EXEC, v:1, k:ed@compare, mode:FULL, rate:50
2026-07-07 05:22:29, EXEC, v:1, k:ed@compare, mode:FULL, rate:75, size:107
2026-07-07 05:22:35, MOVE, v:1, k:ed@compare, mode:BACK
2026-07-07 05:22:29, MOVE, v:1, k:ed@compare, mode:EDIT
2026-07-07 05:22:29, MOVE, v:1, k:ed@compare, mode:EDIT
2026-07-07 05:27:15, MOVE, v:1, k:ed@compare, mode:PICK
2026-07-07 05:27:15, EXEC, v:1, k:ed@compare, mode:FULL, rate:75
2026-07-07 05:28:31, EXEC, v:1, k:ed@compare, mode:FULL, rate:75
2026-07-07 05:28:34, EXEC, v:1, k:ed@compare, mode:FULL, rate:75
2026-07-07 05:28:37, EXEC, v:1, k:ed@compare, mode:FULL, size:100, fail:COMP
2026-07-07 05:28:46, EXEC, v:1, k:ed@compare, mode:FULL, rate:25, size:100
2026-07-07 05:28:54, EXEC, v:1, k:ed@compare, mode:FULL, rate:75, size:107
2026-07-07 05:30:08, EXEC, v:1, k:ed@compare, mode:FULL, rate:50, size:107
2026-07-07 05:31:22, EXEC, v:1, k:ed@compare, mode:FULL, rate:50, size:107
2026-07-07 05:31:24, EXEC, v:1, k:ed@compare, mode:FULL, rate:75
2026-07-07 05:31:26, EXEC, v:1, k:ed@compare, mode:FULL, rate:75
2026-07-07 05:31:34, EXEC, v:1, k:ed@compare, mode:FULL, rate:50, size:107
2026-07-07 05:31:35, EXEC, v:1, k:ed@compare, mode:FULL, rate:50
2026-07-07 05:31:39, EXEC, v:1, k:ed@compare, mode:FULL, rate:75, size:107
2026-07-07 05:31:40, EXEC, v:1, k:ed@compare, mode:FULL, rate:75
2026-07-07 05:31:46, EXEC, v:1, k:ed@compare, mode:FULL, rate:62, size:107
2026-07-07 05:31:47, EXEC, v:1, k:ed@compare, mode:FULL, rate:62
2026-07-07 05:31:51, EXEC, v:1, k:ed@compare, mode:FULL, rate:50, size:107
2026-07-07 05:31:52, EXEC, v:1, k:ed@compare, mode:FULL, rate:50
2026-07-07 05:31:57, EXEC, v:1, k:ed@compare, mode:FULL, rate:50, size:107
2026-07-07 05:31:58, EXEC, v:1, k:ed@compare, mode:FULL, rate:37
2026-07-07 05:32:03, EXEC, v:1, k:ed@compare, mode:FULL, rate:75, size:107
2026-07-07 05:32:03, MOVE, v:1, k:ed@compare, mode:EDIT
2026-07-07 05:32:03, MOVE, v:1, k:ed@compare, mode:EDIT
2026-07-07 05:32:07, EXEC, v:1, k:ed@compare, mode:FULL, rate:75
2026-07-07 05:32:10, EXEC, v:1, k:ed@compare, mode:FULL, rate:50, size:107
2026-07-07 05:32:10, EXEC, v:1, k:ed@compare, mode:FULL, rate:50, size:107
2026-07-07 05:32:16, EXEC, v:1, k:ed@compare, mode:FULL, rate:50, size:107
2026-07-07 05:32:20, EXEC, v:1, k:ed@compare, mode:FULL, rate:75, size:107
2026-07-07 05:32:37, EXEC, v:1, k:ed@compare, mode:FULL, rate:87, size:109
2026-07-07 05:33:06, EXEC, v:1, k:ed@compare, mode:FULL, rate:50, size:109
2026-07-07 05:33:10, EXEC, v:1, k:ed@compare, mode:FULL, rate:87, size:109
2026-07-07 05:33:15, EXEC, v:1, k:ed@compare, mode:FULL, rate:62, size:109
2026-07-07 05:33:19, EXEC, v:1, k:ed@compare, mode:FULL, rate:62, size:109
2026-07-07 05:33:22, EXEC, v:1, k:ed@compare, mode:FULL, rate:62, size:109
2026-07-07 05:33:25, EXEC, v:1, k:ed@compare, mode:FULL, rate:87
2026-07-07 05:34:18, EXEC, v:1, k:ed@compare, mode:FULL, rate:0, size:102
2026-07-07 05:34:20, EXEC, v:1, k:ed@compare, mode:FULL, rate:0
2026-07-07 05:34:24, EXEC, v:1, k:ed@compare, mode:FULL, rate:87, size:109
2026-07-07 05:34:57, EXEC, v:1, k:ed@compare, mode:FULL, rate:62, size:109
2026-07-07 05:35:10, EXEC, v:1, k:ed@compare, mode:FULL, rate:87, size:109
2026-07-07 05:35:28, EXEC, v:1, k:ed@compare, mode:FULL, rate:87, size:111
2026-07-07 05:35:31, EXEC, v:1, k:ed@compare, mode:FULL, rate:87
2026-07-07 05:35:46, EXEC, v:1, k:ed@compare, mode:FULL, rate:87, size:112
2026-07-07 05:35:56, EXEC, v:1, k:ed@compare, mode:FULL, rate:87, size:111
2026-07-07 05:36:00, EXEC, v:1, k:ed@compare, mode:FULL, rate:50, size:112
2026-07-07 05:36:34, EXEC, v:1, k:ed@compare, mode:FULL, rate:50, size:112
2026-07-07 05:36:34, MOVE, v:1, k:ed@compare, mode:EDIT
2026-07-07 05:36:34, MOVE, v:1, k:ed@compare, mode:EDIT
2026-07-07 05:38:35, EXEC, v:1, k:ed@compare, mode:FULL, rate:87, size:111
2026-07-07 05:41:15, EXEC, v:1, k:ed@compare, mode:FULL, rate:62, size:113
2026-07-07 05:41:16, EXEC, v:1, k:ed@compare, mode:FULL, rate:62
2026-07-07 05:41:18, EXEC, v:1, k:ed@compare, mode:FULL, rate:62
2026-07-07 05:42:04, MOVE, v:1, k:ed@compare, mode:EDIT
2026-07-07 05:41:17, MOVE, v:1, k:ed@compare, mode:EDIT
2026-07-07 05:42:13, EXEC, v:1, k:ed@compare, mode:FULL, rate:62, size:112
2026-07-07 05:42:15, EXEC, v:1, k:ed@compare, mode:FULL, rate:62
2026-07-07 05:42:19, EXEC, v:1, k:ed@compare, mode:FULL, rate:62
2026-07-07 05:42:36, EXEC, v:1, k:ed@compare, mode:FULL, rate:87, size:111
2026-07-07 05:43:10, EXEC, v:1, k:ed@compare, mode:FULL, rate:62, size:111
2026-07-07 05:43:11, EXEC, v:1, k:ed@compare, mode:FULL, rate:62
2026-07-07 05:43:14, EXEC, v:1, k:ed@compare, mode:FULL, rate:62
2026-07-07 05:45:13, EXEC, v:1, k:ed@compare, mode:FULL, rate:62
2026-07-07 05:45:20, EXEC, v:1, k:ed@compare, mode:FULL, rate:87, size:111
2026-07-07 05:45:31, EXEC, v:1, k:ed@compare, mode:FULL, rate:62, size:111
2026-07-07 05:45:30, MOVE, v:1, k:ed@compare, mode:EDIT
2026-07-07 05:45:31, MOVE, v:1, k:ed@compare, mode:EDIT
2026-07-07 05:47:22, MOVE, v:1, k:ed@compare, mode:BACK
2026-07-07 05:47:32, MOVE, v:1, k:ed@compare, mode:PICK
2026-07-07 05:48:23, EXEC, v:1, k:ed@compare, mode:FULL, rate:62
2026-07-07 05:48:23, MOVE, v:1, k:ed@compare, mode:EDIT
2026-07-07 05:58:31, EXEC, v:1, k:ed@compare, mode:FULL, rate:62
2026-07-07 06:00:09, MOVE, v:1, k:ed@compare, mode:BACK
2026-07-07 06:00:26, MOVE, v:1, k:ed@polonesa, mode:DOWN
2026-07-07 06:00:27, MOVE, v:1, k:ed@polonesa, mode:PICK
2026-07-07 06:01:47, EXEC, v:1, k:ed@polonesa, mode:FULL, rate:0, size:5
2026-07-07 06:01:52, MOVE, v:1, k:ed@polonesa, mode:BACK
2026-07-07 06:01:58, MOVE, v:1, k:ed@compare, mode:PICK
2026-07-07 05:58:28, MOVE, v:1, k:ed@compare, mode:EDIT
2026-07-07 05:58:31, MOVE, v:1, k:ed@compare, mode:EDIT
2026-07-07 06:00:26, MOVE, v:1, k:ed@polonesa, mode:EDIT
2026-07-07 06:01:47, MOVE, v:1, k:ed@polonesa, mode:EDIT
2026-07-07 06:04:19, EXEC, v:1, k:ed@compare, mode:FULL, rate:62
2026-07-07 06:04:22, EXEC, v:1, k:ed@compare, mode:FULL, rate:62
2026-07-07 06:04:27, EXEC, v:1, k:ed@compare, mode:FULL, rate:87, size:111
2026-07-07 06:04:44, EXEC, v:1, k:ed@compare, mode:FULL, rate:50, size:109
2026-07-07 06:04:45, EXEC, v:1, k:ed@compare, mode:FULL, rate:50
2026-07-07 06:04:46, EXEC, v:1, k:ed@compare, mode:FULL, rate:50
2026-07-07 06:04:53, EXEC, v:1, k:ed@compare, mode:FULL, rate:87, size:109
2026-07-07 06:04:54, EXEC, v:1, k:ed@compare, mode:FULL, rate:87
2026-07-07 06:06:29, EXEC, v:1, k:ed@compare, mode:FULL, rate:62, size:109
2026-07-07 06:06:28, MOVE, v:1, k:ed@compare, mode:EDIT
2026-07-07 06:06:50, MOVE, v:1, k:ed@compare, mode:EDIT
2026-07-07 06:07:15, EXEC, v:1, k:ed@compare, mode:FULL, rate:50, size:110
2026-07-07 06:07:26, EXEC, v:1, k:ed@compare, mode:FULL, rate:50
2026-07-07 06:07:34, EXEC, v:1, k:ed@compare, mode:FULL, rate:62, size:110
2026-07-07 06:07:36, EXEC, v:1, k:ed@compare, mode:FULL, rate:25, size:110
2026-07-07 06:08:29, EXEC, v:1, k:ed@compare, mode:FULL, rate:75, size:112
2026-07-07 06:08:30, EXEC, v:1, k:ed@compare, mode:FULL, rate:75
2026-07-07 06:08:39, EXEC, v:1, k:ed@compare, mode:FULL, rate:75
2026-07-07 06:09:04, EXEC, v:1, k:ed@compare, mode:FULL, rate:75
2026-07-07 06:09:10, EXEC, v:1, k:ed@compare, mode:FULL, rate:87, size:112
2026-07-07 06:09:36, EXEC, v:1, k:ed@compare, mode:FULL, rate:62, size:113
2026-07-07 06:10:16, EXEC, v:1, k:ed@compare, mode:FULL, rate:62, size:114
2026-07-07 06:10:18, EXEC, v:1, k:ed@compare, mode:FULL, rate:62
2026-07-07 06:10:24, EXEC, v:1, k:ed@compare, mode:FULL, rate:100, size:114
2026-07-07 06:10:23, MOVE, v:1, k:ed@compare, mode:EDIT
2026-07-07 06:10:24, MOVE, v:1, k:ed@compare, mode:EDIT
2026-07-07 06:17:19, MOVE, v:1, k:ed@compare, mode:BACK
2026-07-07 06:18:29, SELF, v:1, k:ed@compare, self:1, rate:100, study:80, concept:1
2026-07-07 06:31:59, MOVE, v:1, k:ed@compare, mode:PICK
2026-07-07 06:32:00, EXEC, v:1, k:ed@compare, mode:FULL, rate:75, size:115
2026-07-07 06:32:02, EXEC, v:1, k:ed@compare, mode:FULL, rate:75
2026-07-07 06:31:56, MOVE, v:1, k:ed@compare, mode:EDIT
2026-07-07 06:32:02, MOVE, v:1, k:ed@compare, mode:EDIT
2026-07-07 06:32:25, EXEC, v:1, k:ed@compare, mode:FULL, rate:75, size:117
2026-07-07 06:32:26, EXEC, v:1, k:ed@compare, mode:FULL, rate:75
2026-07-07 06:32:28, EXEC, v:1, k:ed@compare, mode:FULL, rate:75
2026-07-07 06:33:06, EXEC, v:1, k:ed@compare, mode:FULL, rate:100, size:114
2026-07-07 06:33:08, MOVE, v:1, k:ed@compare, mode:BACK
